../Core/Src/main.c:146:5:main	16	static
../Core/Src/main.c:271:6:SystemClock_Config	88	static
../Core/Src/main.c:325:13:MX_CAN1_Init	8	static
../Core/Src/main.c:362:13:MX_TIM6_Init	16	static
../Core/Src/main.c:400:13:MX_USART2_UART_Init	8	static
../Core/Src/main.c:433:13:MX_GPIO_Init	48	static
../Core/Src/main.c:476:6:CANFilterConfiguration	16	static
../Core/Src/main.c:485:6:CANInit	8	static
../Core/Src/main.c:515:6:CANConfig	8	static
../Core/Src/main.c:549:6:HAL_TIM_PeriodElapsedCallback	16	static
../Core/Src/main.c:562:6:HAL_CAN_RxFifo0MsgPendingCallback	104	static
../Core/Src/main.c:592:6:HAL_UART_RxCpltCallback	16	static
../Core/Src/main.c:625:6:loadParamFromFlash	16	static
../Core/Src/main.c:640:6:CANFlashDefaults	8	static
../Core/Src/main.c:683:6:Error_Handler	4	static,ignoring_inline_asm
